[www.bodybyemily.com/index.html]
[static.parastorage.com/unpkg/core-js-bundle@3.2.1/minified.js]
[static.parastorage.com/unpkg/focus-within-polyfill@5.0.9/dist/focus-within-polyfill.js]
[backblue.gif]
[fade.gif]
[index.html]
[polyfill.io/v3/polyfill.mind82c.js]
[browser.sentry-cdn.com/6.18.2/bundle.min.js]
[www.bodybyemily.com/decodeURIComponent(e.4.delayed]
[www.bodybyemily.com/sitemap.xml]
[www.bodybyemily.com/feed.6.delayed]
[static.parastorage.com/services/wix-thunderbolt/dist/ab-test-compilation/thunderbolt-commons.7ca534fa.bundle.min.js]
[static.parastorage.com/services/wix-thunderbolt/dist/ab-test-compilation/main.c16c2c7f.bundle.min.js]
[static.parastorage.com/unpkg/lodash@4.17.21/lodash.min.js]
[static.parastorage.com/unpkg/react@16.14.0/umd/react.production.min.js]
[static.parastorage.com/services/tag-manager-client/1.427.0/siteTags.bundle.min.js]
[static.parastorage.com/services/wix-perf-measure/1.1042.0/wix-perf-measure.bundle.min.js]
[static.parastorage.com/unpkg/react-dom@16.14.0/umd/react-dom.production.min.js]
[www.bodybyemily.com/84c587cd.min.e.delayed]
[www.bodybyemily.com/99a6a99f.min.f.delayed]
[www.bodybyemily.com/7a36fe10.chunk.min.10.delayed]
[www.bodybyemily.com/e3671379.chunk.min.11.delayed]
[www.bodybyemily.com/rb_wixui.thunderbolt_bootstrap-classic.db545a77.chunk.min.12.delayed]
[www.bodybyemily.com/rb_wixui.thunderbolt_bootstrap.8a86afda.chunk.min.13.delayed]
[www.bodybyemily.com/rb_wixui.thunderbolt_bootstrap.7a36fe10.chunk.min.14.delayed]
[www.bodybyemily.com/rb_wixui.thunderbolt_bootstrap-responsive.f3ca696f.chunk.min.15.delayed]
[www.bodybyemily.com/rb_wixui.thunderbolt_bootstrap-responsive.e3671379.chunk.min.16.delayed]
[static.wixstatic.com/media/283fd1_c55a682c332f4796b77863f39979ce35_mv2.png/v1/crop/x_0,y_143,w_500,h_223/fill/w_159,h_69,al_c,q_85,usm_0.6/283fd1_c55a682c332f4796]
[www.bodybyemily.com/about.html]
[www.bodybyemily.com/recipes.html]
[www.bodybyemily.com/shop-1.html]
[www.bodybyemily.com/contact.html]
[www.bodybyemily.com/index.html]
[static.wixstatic.com/media/283fd1_1075f7119c854767ae2205b36341da06f000.jpg/v1/fill/w_147,h_83,al_c,q_80,usm_0.66_1.00_0.01,blur_2,/283fd1_1075f7119c854767ae2205b3]
[static.wixstatic.com/media/a487476686464aaf8212ff0c6439a50d.jpg/v1/fill/w_284,h_173,al_c,q_80,usm_0.66_1.00_0.01,enc_au/a487476686464aaf8212ff0c6439a50d.1f.delaye]
[static.wixstatic.com/media/283fd1_e30ac96bd87c47dbb29ea02e0d1af31c_mv2_d_1/v1/fill/w_181,h_167,al_c,q_80,usm_0.66_1.00_0.01,enc_au/283fd1_e30ac96bd87c47dbb29ea02e]
[www.bodybyemily.com/decodeURIComponent(e.html]
[www.bodybyemily.com/feed.html]
[static.wixstatic.com/media/283fd1_09174010421543b4a36c082b561df994_mv2_d_3/v1/fill/w_252,h_242,al_c,q_80,usm_0.66_1.00_0.01,enc_au/283fd1_09174010421543b4a36c082b]
[www.bodybyemily.com/84c587cd.min.html]
[www.bodybyemily.com/99a6a99f.min.html]
[www.bodybyemily.com/7a36fe10.chunk.min.html]
[www.bodybyemily.com/e3671379.chunk.min.html]
[www.bodybyemily.com/rb_wixui.thunderbolt_bootstrap-classic.db545a77.chunk.min.html]
[www.bodybyemily.com/rb_wixui.thunderbolt_bootstrap.8a86afda.chunk.min.html]
[www.bodybyemily.com/rb_wixui.thunderbolt_bootstrap.7a36fe10.chunk.min.html]
[www.bodybyemily.com/rb_wixui.thunderbolt_bootstrap-responsive.f3ca696f.chunk.min.html]
[www.bodybyemily.com/rb_wixui.thunderbolt_bootstrap-responsive.e3671379.chunk.min.html]
[www.bodybyemily.com/about.html]
[static.wixstatic.com/media/283fd1_004dde48132b4281ae1395b69e5fd9f0_mv2_d_3/v1/fill/w_67,h_45,al_c,q_80,usm_0.66_1.00_0.01,blur_2,e/283fd1_004dde48132b4281ae1395b6]
[static.wixstatic.com/media/8d13be_a5600796b8e5466db3a0dbd466b4068d.png/v1/fill/w_26,h_26,al_c,q_85,usm_0.66_1.00_0.01,blur_3,e/8d13be_a5600796b8e5466db3a0dbd466b4]
[static.wixstatic.com/media/8d13be_833a02bb8b204a2a9641e573f63d4f3a.png/v1/fill/w_26,h_26,al_c,q_85,usm_0.66_1.00_0.01,blur_3,e/8d13be_833a02bb8b204a2a9641e573f63d]
[www.bodybyemily.com/cart.html]
[static.parastorage.com/services/wix-thunderbolt/dist/bootstrap-features.9ca6e510.bundle.min.js]
[static.wixstatic.com/media/283fd1_e8496460fbf143b299b069e8a902fd52_mv2_d_2/v1/fill/w_448,h_352,al_c,q_80,usm_0.66_1.00_0.01,enc_au/283fd1_e8496460fbf143b299b069e8]
[www.bodybyemily.com/recipes.html]
[static.parastorage.com/services/wix-thunderbolt/dist/main.cb675ae8.bundle.min.js]
[static.wixstatic.com/media/283fd1_8d132cb903d945a28ed4e46f329095cc_mv2_d_2/v1/fill/w_305,h_198,al_c,q_85,usm_0.66_1.00_0.01,enc_au/283fd1_8d132cb903d945a28ed4e46f]
[static.wixstatic.com/media/0aae7ee48428495896d5aea4869f4724.jpg/v1/fill/w_348,h_294,al_c,q_80,usm_0.66_1.00_0.01,enc_au/0aae7ee48428495896d5aea4869f4724.28.delaye]
[static.wixstatic.com/media/283fd1_bc6b23f2e89c4688a7710589b80a18d5_mv2.jpg/v1/fill/w_305,h_296,al_c,q_80,usm_0.66_1.00_0.01,enc_au/283fd1_bc6b23f2e89c4688a7710589]
[www.bodybyemily.com/version/index.html]
[static.wixstatic.com/media/283fd1_df2e7a9e436943ed95f6e3cc7caeb6ed_mv2_d_3/v1/fill/w_147,h_196,al_c,q_80,usm_0.66_1.00_0.01,blur_2/283fd1_df2e7a9e436943ed95f6e3cc]
[static.wixstatic.com/media/283fd1_029c134b28a546a4b1b4634377e6d32c_mv2.jpg/v1/fill/w_147,h_110,al_c,q_80,usm_0.66_1.00_0.01,blur_2/283fd1_029c134b28a546a4b1b46343]
[www.bodybyemily.com/shop-1.html]
[static.wixstatic.com/media/283fd1_76dc9658e77140db9c46fc48b8e34b7f_mv2_d_3/v1/fill/w_147,h_196,al_c,q_80,usm_0.66_1.00_0.01,blur_2/283fd1_76dc9658e77140db9c46fc48]
[static.wixstatic.com/media/283fd1_a4d53d13721a41b1bfcf78a567d0e162_mv2_d_1/v1/fill/w_147,h_127,al_c,q_80,usm_0.66_1.00_0.01,blur_2/283fd1_a4d53d13721a41b1bfcf78a5]
[www.bodybyemily.com/product-page/full-kit.html]
[www.bodybyemily.com/product-page/body-by-emily-band.html]
[www.bodybyemily.com/eec152dc.min.30.delayed]
[www.bodybyemily.com/7c602eb2.min.31.delayed]
[www.bodybyemily.com/47b73115.min.32.delayed]
[www.bodybyemily.com/2b8b066f.min.33.delayed]
[www.bodybyemily.com/rb_wixui.thunderbolt_common-site-members-dialogs.384b0b57.chunk.min.34.delayed]
[www.bodybyemily.com/rb_wixui.thunderbolt_common-site-members-dialogs.2059cbfd.chunk.min.35.delayed]
[www.bodybyemily.com/contact.html]
[www.bodybyemily.com/cart.html]
[www.bodybyemily.com/version/index.html]
[www.bodybyemily.com/product-page/decodeURIComponent(e.html]
[www.bodybyemily.com/product-page/sitemap.38.delayed]
[www.bodybyemily.com/product-page/feed.39.delayed]
[www.bodybyemily.com/product-page/robots.html]
[www.bodybyemily.com/product-page/99a6a99f.min.html]
[www.bodybyemily.com/product-page/7a36fe10.chunk.min.html]
[www.bodybyemily.com/product-page/e3671379.chunk.min.html]
[www.bodybyemily.com/product-page/rb_wixui.thunderbolt_bootstrap-classic.db545a77.chunk.min.html]
[www.bodybyemily.com/product-page/rb_wixui.thunderbolt_bootstrap.8a86afda.chunk.min.html]
[www.bodybyemily.com/product-page/rb_wixui.thunderbolt_bootstrap.7a36fe10.chunk.min.html]
[www.bodybyemily.com/product-page/rb_wixui.thunderbolt_bootstrap-responsive.f3ca696f.chunk.min.html]
[www.bodybyemily.com/product-page/rb_wixui.thunderbolt_bootstrap-responsive.e3671379.chunk.min.html]
[www.bodybyemily.com/product-page/full-kit.html]
[static.wixstatic.com/media/283fd1_029c134b28a546a4b1b4634377e6d32c_mv2.jpg/v1/fill/w_498,h_373,al_c,q_50,usm_0.66_1.00_0.01/283fd1_029c134b28a546a4b1b4634377e6d32]
[static.wixstatic.com/media/283fd1_029c134b28a546a4b1b4634377e6d32c_mv2.jpg/v1/fill/w_996,h_746,al_c,q_85,usm_0.66_1.00_0.01/283fd1_029c134b28a546a4b1b4634377e6d32]
[static.wixstatic.com/media/283fd1_df2e7a9e436943ed95f6e3cc7caeb6ed_mv2_d_3/v1/fill/w_996,h_746,al_c,q_85,usm_0.66_1.00_0.01/283fd1_df2e7a9e436943ed95f6e3cc7caeb6e]
[www.bodybyemily.com/product-page/body-by-emily-band.html]
[static.wixstatic.com/media/283fd1_3a89d9e13ec94dadbac55f61a31a5450_mv2.jpg/v1/fill/w_996,h_746,al_c,q_85,usm_0.66_1.00_0.01/283fd1_3a89d9e13ec94dadbac55f61a31a545]
[static.wixstatic.com/media/283fd1_029c134b28a546a4b1b4634377e6d32c_mv2.jpg/v1/fill/w_45,h_45,al_c,q_50,usm_0.66_1.00_0.01/283fd1_029c134b28a546a4b1b4634377e6d32c_]
[www.bodybyemily.com/eec152dc.min.html]
[www.bodybyemily.com/7c602eb2.min.html]
[static.wixstatic.com/media/283fd1_df2e7a9e436943ed95f6e3cc7caeb6ed_mv2_d_3/v1/fill/w_45,h_45,al_c,q_50,usm_0.66_1.00_0.01/283fd1_df2e7a9e436943ed95f6e3cc7caeb6ed_]
[www.bodybyemily.com/47b73115.min.html]
[static.wixstatic.com/media/283fd1_3a89d9e13ec94dadbac55f61a31a5450_mv2.jpg/v1/fill/w_45,h_45,al_c,q_50,usm_0.66_1.00_0.01/283fd1_3a89d9e13ec94dadbac55f61a31a5450_]
[www.bodybyemily.com/2b8b066f.min.html]
[www.bodybyemily.com/rb_wixui.thunderbolt_common-site-members-dialogs.384b0b57.chunk.min.html]
[static.wixstatic.com/media/283fd1_76dc9658e77140db9c46fc48b8e34b7f_mv2_d_3/v1/fill/w_498,h_665,al_c,q_50,usm_0.66_1.00_0.01/283fd1_76dc9658e77140db9c46fc48b8e34b7]
[static.wixstatic.com/media/283fd1_76dc9658e77140db9c46fc48b8e34b7f_mv2_d_3/v1/fill/w_996,h_1330,al_c,q_85,usm_0.66_1.00_0.01/283fd1_76dc9658e77140db9c46fc48b8e34b]
[www.bodybyemily.com/rb_wixui.thunderbolt_common-site-members-dialogs.2059cbfd.chunk.min.html]
[static.wixstatic.com/media/283fd1_a4d53d13721a41b1bfcf78a567d0e162_mv2_d_1/v1/fill/w_968,h_1292,al_c,q_85/283fd1_a4d53d13721a41b1bfcf78a567d0e162_mv2_d_1494_1292_]
[www.bodybyemily.com/product-page/decodeURIComponent(e.html]
[static.wixstatic.com/media/283fd1_76dc9658e77140db9c46fc48b8e34b7f_mv2_d_3/v1/fill/w_45,h_45,al_c,q_50,usm_0.66_1.00_0.01/283fd1_76dc9658e77140db9c46fc48b8e34b7f_]
[static.wixstatic.com/media/283fd1_a4d53d13721a41b1bfcf78a567d0e162_mv2_d_1/v1/fill/w_45,h_45,al_c,q_50,usm_0.66_1.00_0.01/283fd1_a4d53d13721a41b1bfcf78a567d0e162_]
[www.bodybyemily.com/product-page/robots.html]
[www.bodybyemily.com/product-page/sitemap.html]
[www.bodybyemily.com/product-page/feed.html]
[www.bodybyemily.com/product-page/99a6a99f.min.html]
[www.bodybyemily.com/product-page/7a36fe10.chunk.min.html]
[www.bodybyemily.com/product-page/e3671379.chunk.min.html]
[www.bodybyemily.com/product-page/rb_wixui.thunderbolt_bootstrap-classic.db545a77.chunk.min.html]
[www.bodybyemily.com/product-page/rb_wixui.thunderbolt_bootstrap.8a86afda.chunk.min.html]
[www.bodybyemily.com/product-page/rb_wixui.thunderbolt_bootstrap.7a36fe10.chunk.min.html]
[www.bodybyemily.com/product-page/rb_wixui.thunderbolt_bootstrap-responsive.f3ca696f.chunk.min.html]
[www.bodybyemily.com/product-page/rb_wixui.thunderbolt_bootstrap-responsive.e3671379.chunk.min.html]
[www.bodybyemily.com/home.html]
[www.bodybyemily.com/home.html]
[www.bodybyemily.com/product-page/version/index.html]
[www.bodybyemily.com/product-page/version/decodeURIComponent(e.html]
[www.bodybyemily.com/product-page/version/robots.html]
[www.bodybyemily.com/product-page/version/sitemap.51.delayed]
[www.bodybyemily.com/product-page/version/feed.52.delayed]
[www.bodybyemily.com/product-page/version.html]
[www.bodybyemily.com/product-page/version/99a6a99f.min.html]
[www.bodybyemily.com/product-page/version/7a36fe10.chunk.min.html]
[www.bodybyemily.com/product-page/version/e3671379.chunk.min.html]
[www.bodybyemily.com/product-page/version/rb_wixui.thunderbolt_bootstrap-classic.db545a77.chunk.min.html]
[www.bodybyemily.com/product-page/version/rb_wixui.thunderbolt_bootstrap.8a86afda.chunk.min.html]
[www.bodybyemily.com/product-page/version/rb_wixui.thunderbolt_bootstrap.7a36fe10.chunk.min.html]
[www.bodybyemily.com/product-page/version/rb_wixui.thunderbolt_bootstrap-responsive.f3ca696f.chunk.min.html]
[www.bodybyemily.com/product-page/version/index.html]
[www.bodybyemily.com/product-page/version/decodeURIComponent(e.html]
[www.bodybyemily.com/product-page/version/robots.html]
[www.bodybyemily.com/product-page/version/sitemap.html]
[www.bodybyemily.com/product-page/version/feed.html]
[www.bodybyemily.com/product-page/version.html]
[www.bodybyemily.com/product-page/version/99a6a99f.min.html]
[www.bodybyemily.com/product-page/version/7a36fe10.chunk.min.html]
[www.bodybyemily.com/product-page/version/e3671379.chunk.min.html]
[www.bodybyemily.com/product-page/version/rb_wixui.thunderbolt_bootstrap-classic.db545a77.chunk.min.html]
[www.bodybyemily.com/product-page/version/rb_wixui.thunderbolt_bootstrap.8a86afda.chunk.min.html]
[www.bodybyemily.com/product-page/version/rb_wixui.thunderbolt_bootstrap.7a36fe10.chunk.min.html]
[www.bodybyemily.com/product-page/version/rb_wixui.thunderbolt_bootstrap-responsive.f3ca696f.chunk.min.html]
[www.bodybyemily.com/product-page/version/rb_wixui.thunderbolt_bootstrap-responsive.e3671379.chunk.min.html]
[www.bodybyemily.com/product-page/version/rb_wixui.thunderbolt_bootstrap-responsive.e3671379.chunk.min.html]
[www.bodybyemily.com/product-page/version/version/index.html]
[www.bodybyemily.com/product-page/version/version/decodeURIComponent(e.html]
[www.bodybyemily.com/product-page/version/version/robots.html]
[www.bodybyemily.com/product-page/version/version/sitemap.5e.delayed]
[www.bodybyemily.com/product-page/version/version/feed.5f.delayed]
[www.bodybyemily.com/product-page/version/version/99a6a99f.min.html]
[www.bodybyemily.com/product-page/version/version.html]
[www.bodybyemily.com/product-page/version/version/7a36fe10.chunk.min.html]
[www.bodybyemily.com/product-page/version/version/e3671379.chunk.min.html]
[www.bodybyemily.com/product-page/version/version/rb_wixui.thunderbolt_bootstrap-classic.db545a77.chunk.min.html]
[www.bodybyemily.com/product-page/version/version/rb_wixui.thunderbolt_bootstrap.8a86afda.chunk.min.html]
[www.bodybyemily.com/product-page/version/version/rb_wixui.thunderbolt_bootstrap.7a36fe10.chunk.min.html]
[www.bodybyemily.com/product-page/version/version/rb_wixui.thunderbolt_bootstrap-responsive.f3ca696f.chunk.min.html]
[www.bodybyemily.com/product-page/version/version/index.html]
[www.bodybyemily.com/product-page/version/version/decodeURIComponent(e.html]
[www.bodybyemily.com/product-page/version/version/robots.html]
[www.bodybyemily.com/product-page/version/version/sitemap.html]
[www.bodybyemily.com/product-page/version/version/feed.html]
[www.bodybyemily.com/product-page/version/version.html]
[www.bodybyemily.com/product-page/version/version/99a6a99f.min.html]
[www.bodybyemily.com/product-page/version/version/7a36fe10.chunk.min.html]
[www.bodybyemily.com/product-page/version/version/e3671379.chunk.min.html]
[www.bodybyemily.com/product-page/version/version/rb_wixui.thunderbolt_bootstrap-classic.db545a77.chunk.min.html]
[www.bodybyemily.com/product-page/version/version/rb_wixui.thunderbolt_bootstrap.8a86afda.chunk.min.html]
[www.bodybyemily.com/product-page/version/version/rb_wixui.thunderbolt_bootstrap.7a36fe10.chunk.min.html]
[www.bodybyemily.com/product-page/version/version/rb_wixui.thunderbolt_bootstrap-responsive.f3ca696f.chunk.min.html]
[www.bodybyemily.com/product-page/version/version/rb_wixui.thunderbolt_bootstrap-responsive.e3671379.chunk.min.html]
[www.bodybyemily.com/product-page/version/version/rb_wixui.thunderbolt_bootstrap-responsive.e3671379.chunk.min.html]
[www.bodybyemily.com/product-page/version/version/version/index.html]
[www.bodybyemily.com/product-page/version/version/version/decodeURIComponent(e.html]
[www.bodybyemily.com/product-page/version/version/version/robots.html]
[www.bodybyemily.com/product-page/version/version/version/sitemap.6b.delayed]
[www.bodybyemily.com/product-page/version/version/version/feed.6c.delayed]
[www.bodybyemily.com/product-page/version/version/version.html]
[www.bodybyemily.com/product-page/version/version/version/99a6a99f.min.html]
[www.bodybyemily.com/product-page/version/version/version/7a36fe10.chunk.min.html]
[www.bodybyemily.com/product-page/version/version/version/e3671379.chunk.min.html]
[www.bodybyemily.com/product-page/version/version/version/rb_wixui.thunderbolt_bootstrap-classic.db545a77.chunk.min.html]
[www.bodybyemily.com/product-page/version/version/version/rb_wixui.thunderbolt_bootstrap.8a86afda.chunk.min.html]
[www.bodybyemily.com/product-page/version/version/version/rb_wixui.thunderbolt_bootstrap.7a36fe10.chunk.min.html]
[www.bodybyemily.com/product-page/version/version/version/rb_wixui.thunderbolt_bootstrap-responsive.f3ca696f.chunk.min.html]
[www.bodybyemily.com/product-page/version/version/version/index.html]
[www.bodybyemily.com/product-page/version/version/version/decodeURIComponent(e.html]
[www.bodybyemily.com/product-page/version/version/version/robots.html]
[www.bodybyemily.com/product-page/version/version/version/sitemap.html]
[www.bodybyemily.com/product-page/version/version/version/feed.html]
[www.bodybyemily.com/product-page/version/version/version.html]
[www.bodybyemily.com/product-page/version/version/version/99a6a99f.min.html]
[www.bodybyemily.com/product-page/version/version/version/7a36fe10.chunk.min.html]
[www.bodybyemily.com/product-page/version/version/version/e3671379.chunk.min.html]
[www.bodybyemily.com/product-page/version/version/version/rb_wixui.thunderbolt_bootstrap-classic.db545a77.chunk.min.html]
[www.bodybyemily.com/product-page/version/version/version/rb_wixui.thunderbolt_bootstrap.8a86afda.chunk.min.html]
[www.bodybyemily.com/product-page/version/version/version/rb_wixui.thunderbolt_bootstrap.7a36fe10.chunk.min.html]
[www.bodybyemily.com/product-page/version/version/version/rb_wixui.thunderbolt_bootstrap-responsive.f3ca696f.chunk.min.html]
[www.bodybyemily.com/product-page/version/version/version/version/index.html]
[www.bodybyemily.com/product-page/version/version/version/rb_wixui.thunderbolt_bootstrap-responsive.e3671379.chunk.min.html]
[www.bodybyemily.com/product-page/version/version/version/rb_wixui.thunderbolt_bootstrap-responsive.e3671379.chunk.min.html]
[www.bodybyemily.com/product-page/version/version/version/version/decodeURIComponent(e.html]
[www.bodybyemily.com/product-page/version/version/version/version/robots.html]
[www.bodybyemily.com/product-page/version/version/version/version/sitemap.78.delayed]
[www.bodybyemily.com/product-page/version/version/version/version/feed.79.delayed]
[www.bodybyemily.com/product-page/version/version/version/version.html]
[www.bodybyemily.com/product-page/version/version/version/version/version/index.html]
[www.bodybyemily.com/product-page/version/version/version/version/99a6a99f.min.html]
[www.bodybyemily.com/product-page/version/version/version/version/7a36fe10.chunk.min.html]
[www.bodybyemily.com/product-page/version/version/version/version/e3671379.chunk.min.html]
[www.bodybyemily.com/product-page/version/version/version/version/rb_wixui.thunderbolt_bootstrap-classic.db545a77.chunk.min.html]
[www.bodybyemily.com/product-page/version/version/version/version/rb_wixui.thunderbolt_bootstrap.8a86afda.chunk.min.html]
[www.bodybyemily.com/product-page/version/version/version/version/rb_wixui.thunderbolt_bootstrap.7a36fe10.chunk.min.html]
[www.bodybyemily.com/product-page/version/version/version/version/rb_wixui.thunderbolt_bootstrap-responsive.f3ca696f.chunk.min.html]
[www.bodybyemily.com/product-page/version/version/version/version/index.html]
[www.bodybyemily.com/product-page/version/version/version/version/decodeURIComponent(e.html]
[www.bodybyemily.com/product-page/version/version/version/version/robots.html]
[www.bodybyemily.com/product-page/version/version/version/version/sitemap.html]
[www.bodybyemily.com/product-page/version/version/version/version/feed.html]
[www.bodybyemily.com/product-page/version/version/version/version/rb_wixui.thunderbolt_bootstrap-responsive.e3671379.chunk.min.html]
[www.bodybyemily.com/product-page/version/version/version/version/version/decodeURIComponent(e.html]
[www.bodybyemily.com/product-page/version/version/version/version/version/robots.html]
[www.bodybyemily.com/product-page/version/version/version/version/version/sitemap.85.delayed]
[www.bodybyemily.com/product-page/version/version/version/version/version/feed.86.delayed]
[www.bodybyemily.com/product-page/version/version/version/version/version.html]
[www.bodybyemily.com/product-page/version/version/version/version/version/99a6a99f.min.html]
[www.bodybyemily.com/product-page/version/version/version/version/version/7a36fe10.chunk.min.html]
[www.bodybyemily.com/product-page/version/version/version/version/version/e3671379.chunk.min.html]
[www.bodybyemily.com/product-page/version/version/version/version/version/rb_wixui.thunderbolt_bootstrap-classic.db545a77.chunk.min.html]
[www.bodybyemily.com/product-page/version/version/version/version/version/rb_wixui.thunderbolt_bootstrap.8a86afda.chunk.min.html]
[www.bodybyemily.com/product-page/version/version/version/version/version/rb_wixui.thunderbolt_bootstrap.7a36fe10.chunk.min.html]
[www.bodybyemily.com/product-page/version/version/version/version/version/rb_wixui.thunderbolt_bootstrap-responsive.f3ca696f.chunk.min.html]
[www.bodybyemily.com/product-page/version/version/version/version/version/index.html]
[www.bodybyemily.com/product-page/version/version/version/version.html]
[www.bodybyemily.com/product-page/version/version/version/version/99a6a99f.min.html]
[www.bodybyemily.com/product-page/version/version/version/version/7a36fe10.chunk.min.html]
[www.bodybyemily.com/product-page/version/version/version/version/e3671379.chunk.min.html]
[www.bodybyemily.com/product-page/version/version/version/version/rb_wixui.thunderbolt_bootstrap-classic.db545a77.chunk.min.html]
[www.bodybyemily.com/product-page/version/version/version/version/rb_wixui.thunderbolt_bootstrap.8a86afda.chunk.min.html]
[www.bodybyemily.com/product-page/version/version/version/version/rb_wixui.thunderbolt_bootstrap.7a36fe10.chunk.min.html]
[www.bodybyemily.com/product-page/version/version/version/version/rb_wixui.thunderbolt_bootstrap-responsive.f3ca696f.chunk.min.html]
[www.bodybyemily.com/product-page/version/version/version/version/rb_wixui.thunderbolt_bootstrap-responsive.e3671379.chunk.min.html]
[www.bodybyemily.com/product-page/version/version/version/version/version/decodeURIComponent(e.html]
[www.bodybyemily.com/product-page/version/version/version/version/version/robots.html]
[www.bodybyemily.com/product-page/version/version/version/version/version/sitemap.html]
[www.bodybyemily.com/product-page/version/version/version/version/version/feed.html]
[www.bodybyemily.com/product-page/version/version/version/version/version.html]
[www.bodybyemily.com/product-page/version/version/version/version/version/99a6a99f.min.html]
[www.bodybyemily.com/product-page/version/version/version/version/version/7a36fe10.chunk.min.html]
[www.bodybyemily.com/product-page/version/version/version/version/version/e3671379.chunk.min.html]
[www.bodybyemily.com/product-page/version/version/version/version/version/rb_wixui.thunderbolt_bootstrap-classic.db545a77.chunk.min.html]
[www.bodybyemily.com/product-page/version/version/version/version/version/rb_wixui.thunderbolt_bootstrap.8a86afda.chunk.min.html]
[www.bodybyemily.com/product-page/version/version/version/version/version/rb_wixui.thunderbolt_bootstrap.7a36fe10.chunk.min.html]
[www.bodybyemily.com/product-page/version/version/version/version/version/rb_wixui.thunderbolt_bootstrap-responsive.f3ca696f.chunk.min.html]
[www.bodybyemily.com/product-page/version/version/version/version/version/rb_wixui.thunderbolt_bootstrap-responsive.e3671379.chunk.min.html]
[www.bodybyemily.com/product-page/version/version/version/version/version/rb_wixui.thunderbolt_bootstrap-responsive.e3671379.chunk.min.html]
[www.bodybyemily.com/product-page/version/version/version/version/version/version/index.html]
[www.bodybyemily.com/product-page/version/version/version/version/version/version/decodeURIComponent(e.html]
[www.bodybyemily.com/product-page/version/version/version/version/version/version/robots.html]
[www.bodybyemily.com/product-page/version/version/version/version/version/version/sitemap.92.delayed]
[www.bodybyemily.com/product-page/version/version/version/version/version/version/feed.93.delayed]
[www.bodybyemily.com/product-page/version/version/version/version/version/version/version/index.html]
[www.bodybyemily.com/product-page/version/version/version/version/version/version.html]
[www.bodybyemily.com/product-page/version/version/version/version/version/version/99a6a99f.min.html]
[www.bodybyemily.com/product-page/version/version/version/version/version/version/7a36fe10.chunk.min.html]
[www.bodybyemily.com/product-page/version/version/version/version/version/version/e3671379.chunk.min.html]
[www.bodybyemily.com/product-page/version/version/version/version/version/version/rb_wixui.thunderbolt_bootstrap-classic.db545a77.chunk.min.html]
[www.bodybyemily.com/product-page/version/version/version/version/version/version/rb_wixui.thunderbolt_bootstrap.8a86afda.chunk.min.html]
[www.bodybyemily.com/product-page/version/version/version/version/version/version/rb_wixui.thunderbolt_bootstrap.7a36fe10.chunk.min.html]
[www.bodybyemily.com/product-page/version/version/version/version/version/version/rb_wixui.thunderbolt_bootstrap-responsive.f3ca696f.chunk.min.html]
[www.bodybyemily.com/product-page/version/version/version/version/version/version/index.html]
[www.bodybyemily.com/product-page/version/version/version/version/version/version/decodeURIComponent(e.html]
[www.bodybyemily.com/product-page/version/version/version/version/version/version/robots.html]
[www.bodybyemily.com/product-page/version/version/version/version/version/version/sitemap.html]
[www.bodybyemily.com/product-page/version/version/version/version/version/version/feed.html]
[www.bodybyemily.com/product-page/version/version/version/version/version/version/rb_wixui.thunderbolt_bootstrap-responsive.e3671379.chunk.min.html]
[www.bodybyemily.com/product-page/version/version/version/version/version/version/version/decodeURIComponent(e.html]
[www.bodybyemily.com/product-page/version/version/version/version/version/version/version/robots.html]
[www.bodybyemily.com/product-page/version/version/version/version/version/version/version/sitemap.9f.delayed]
[www.bodybyemily.com/product-page/version/version/version/version/version/version/version/feed.a0.delayed]
[www.bodybyemily.com/product-page/version/version/version/version/version/version/version.html]
[www.bodybyemily.com/product-page/version/version/version/version/version/version/version/99a6a99f.min.html]
[www.bodybyemily.com/product-page/version/version/version/version/version/version/version/7a36fe10.chunk.min.html]
[www.bodybyemily.com/product-page/version/version/version/version/version/version/version/e3671379.chunk.min.html]
[www.bodybyemily.com/product-page/version/version/version/version/version/version/version/rb_wixui.thunderbolt_bootstrap-classic.db545a77.chunk.min.html]
[www.bodybyemily.com/product-page/version/version/version/version/version/version/version/rb_wixui.thunderbolt_bootstrap.8a86afda.chunk.min.html]
[www.bodybyemily.com/product-page/version/version/version/version/version/version/version/rb_wixui.thunderbolt_bootstrap.7a36fe10.chunk.min.html]
[www.bodybyemily.com/product-page/version/version/version/version/version/version/version/rb_wixui.thunderbolt_bootstrap-responsive.f3ca696f.chunk.min.html]
[www.bodybyemily.com/product-page/version/version/version/version/version/version/version/index.html]
[www.bodybyemily.com/product-page/version/version/version/version/version/version.html]
[www.bodybyemily.com/product-page/version/version/version/version/version/version/99a6a99f.min.html]
[www.bodybyemily.com/product-page/version/version/version/version/version/version/7a36fe10.chunk.min.html]
[www.bodybyemily.com/product-page/version/version/version/version/version/version/e3671379.chunk.min.html]
[www.bodybyemily.com/product-page/version/version/version/version/version/version/rb_wixui.thunderbolt_bootstrap-classic.db545a77.chunk.min.html]
[www.bodybyemily.com/product-page/version/version/version/version/version/version/rb_wixui.thunderbolt_bootstrap.8a86afda.chunk.min.html]
[www.bodybyemily.com/product-page/version/version/version/version/version/version/rb_wixui.thunderbolt_bootstrap.7a36fe10.chunk.min.html]
[www.bodybyemily.com/product-page/version/version/version/version/version/version/rb_wixui.thunderbolt_bootstrap-responsive.f3ca696f.chunk.min.html]
[www.bodybyemily.com/product-page/version/version/version/version/version/version/rb_wixui.thunderbolt_bootstrap-responsive.e3671379.chunk.min.html]
[www.bodybyemily.com/product-page/version/version/version/version/version/version/version/decodeURIComponent(e.html]
[www.bodybyemily.com/product-page/version/version/version/version/version/version/version/robots.html]
[www.bodybyemily.com/product-page/version/version/version/version/version/version/version/sitemap.html]
[www.bodybyemily.com/product-page/version/version/version/version/version/version/version/feed.html]
[www.bodybyemily.com/product-page/version/version/version/version/version/version/version.html]
[www.bodybyemily.com/product-page/version/version/version/version/version/version/version/99a6a99f.min.html]
[www.bodybyemily.com/product-page/version/version/version/version/version/version/version/7a36fe10.chunk.min.html]
[www.bodybyemily.com/product-page/version/version/version/version/version/version/version/e3671379.chunk.min.html]
[www.bodybyemily.com/product-page/version/version/version/version/version/version/version/rb_wixui.thunderbolt_bootstrap-classic.db545a77.chunk.min.html]
[www.bodybyemily.com/product-page/version/version/version/version/version/version/version/rb_wixui.thunderbolt_bootstrap.8a86afda.chunk.min.html]
[www.bodybyemily.com/product-page/version/version/version/version/version/version/version/rb_wixui.thunderbolt_bootstrap.7a36fe10.chunk.min.html]
[www.bodybyemily.com/product-page/version/version/version/version/version/version/version/rb_wixui.thunderbolt_bootstrap-responsive.f3ca696f.chunk.min.html]
[www.bodybyemily.com/product-page/version/version/version/version/version/version/version/version/index.html]
[www.bodybyemily.com/product-page/version/version/version/version/version/version/version/rb_wixui.thunderbolt_bootstrap-responsive.e3671379.chunk.min.html]
[www.bodybyemily.com/product-page/version/version/version/version/version/version/version/rb_wixui.thunderbolt_bootstrap-responsive.e3671379.chunk.min.html]
[www.bodybyemily.com/product-page/version/version/version/version/version/version/version/version/decodeURIComponent(e.html]
[www.bodybyemily.com/product-page/version/version/version/version/version/version/version/version/sitemap.ac.delayed]
[www.bodybyemily.com/product-page/version/version/version/version/version/version/version/version/robots.html]
[www.bodybyemily.com/product-page/version/version/version/version/version/version/version/version/feed.ad.delayed]
[www.bodybyemily.com/product-page/version/version/version/version/version/version/version/version.html]
[www.bodybyemily.com/product-page/version/version/version/version/version/version/version/version/version/index.html]
[www.bodybyemily.com/product-page/version/version/version/version/version/version/version/version/99a6a99f.min.html]
[www.bodybyemily.com/product-page/version/version/version/version/version/version/version/version/7a36fe10.chunk.min.html]
[www.bodybyemily.com/product-page/version/version/version/version/version/version/version/version/e3671379.chunk.min.html]
[www.bodybyemily.com/product-page/version/version/version/version/version/version/version/version/rb_wixui.thunderbolt_bootstrap-classic.db545a77.chunk.min.b2.dela]
[www.bodybyemily.com/product-page/version/version/version/version/version/version/version/version/rb_wixui.thunderbolt_bootstrap.8a86afda.chunk.min.html]
[www.bodybyemily.com/product-page/version/version/version/version/version/version/version/version/index.html]
[www.bodybyemily.com/product-page/version/version/version/version/version/version/version/version/decodeURIComponent(e.html]
[www.bodybyemily.com/product-page/version/version/version/version/version/version/version/version/robots.html]
[www.bodybyemily.com/product-page/version/version/version/version/version/version/version/version/sitemap.html]
[www.bodybyemily.com/product-page/version/version/version/version/version/version/version/version/feed.html]
[www.bodybyemily.com/product-page/version/version/version/version/version/version/version/version/rb_wixui.thunderbolt_bootstrap.7a36fe10.chunk.min.html]
[www.bodybyemily.com/product-page/version/version/version/version/version/version/version/version/rb_wixui.thunderbolt_bootstrap-responsive.e3671379.chunk.min.b6.d]
[www.bodybyemily.com/product-page/version/version/version/version/version/version/version/version/rb_wixui.thunderbolt_bootstrap-responsive.f3ca696f.chunk.min.b5.d]
[www.bodybyemily.com/product-page/version/version/version/version/version/version/version/version/version/decodeURIComponent(e.html]
[www.bodybyemily.com/product-page/version/version/version/version/version/version/version/version/version/robots.html]
[www.bodybyemily.com/product-page/version/version/version/version/version/version/version/version/version/sitemap.b9.delayed]
[www.bodybyemily.com/product-page/version/version/version/version/version/version/version/version/version/feed.ba.delayed]
[www.bodybyemily.com/product-page/version/version/version/version/version/version/version/version/version/version/index.html]
[www.bodybyemily.com/product-page/version/version/version/version/version/version/version/version/version.html]
[www.bodybyemily.com/product-page/version/version/version/version/version/version/version/version/version/99a6a99f.min.html]
[www.bodybyemily.com/product-page/version/version/version/version/version/version/version/version/version/7a36fe10.chunk.min.html]
[www.bodybyemily.com/product-page/version/version/version/version/version/version/version/version/version/index.html]
[www.bodybyemily.com/product-page/version/version/version/version/version/version/version/version/version/e3671379.chunk.min.html]
[www.bodybyemily.com/product-page/version/version/version/version/version/version/version/version/version/rb_wixui.thunderbolt_bootstrap.8a86afda.chunk.min.c0.dela]
[www.bodybyemily.com/product-page/version/version/version/version/version/version/version/version.html]
[www.bodybyemily.com/product-page/version/version/version/version/version/version/version/version/version/rb_wixui.thunderbolt_bootstrap.7a36fe10.chunk.min.c1.dela]
[www.bodybyemily.com/product-page/version/version/version/version/version/version/version/version/99a6a99f.min.html]
[www.bodybyemily.com/product-page/version/version/version/version/version/version/version/version/7a36fe10.chunk.min.html]
[www.bodybyemily.com/product-page/version/version/version/version/version/version/version/version/e3671379.chunk.min.html]
[www.bodybyemily.com/product-page/version/version/version/version/version/version/version/version/rb_wixui.thunderbolt_bootstrap-classic.db545a77.chunk.min.b2.dela]
[www.bodybyemily.com/product-page/version/version/version/version/version/version/version/version/rb_wixui.thunderbolt_bootstrap.8a86afda.chunk.min.html]
[www.bodybyemily.com/product-page/version/version/version/version/version/version/version/version/rb_wixui.thunderbolt_bootstrap.7a36fe10.chunk.min.html]
[www.bodybyemily.com/product-page/version/version/version/version/version/version/version/version/rb_wixui.thunderbolt_bootstrap-responsive.f3ca696f.chunk.min.b5.d]
[www.bodybyemily.com/product-page/version/version/version/version/version/version/version/version/rb_wixui.thunderbolt_bootstrap-responsive.e3671379.chunk.min.b6.d]
[www.bodybyemily.com/product-page/version/version/version/version/version/version/version/version/version/decodeURIComponent(e.html]
[www.bodybyemily.com/product-page/version/version/version/version/version/version/version/version/version/robots.html]
[www.bodybyemily.com/product-page/version/version/version/version/version/version/version/version/version/sitemap.html]
[www.bodybyemily.com/product-page/version/version/version/version/version/version/version/version/version/feed.html]
[www.bodybyemily.com/product-page/version/version/version/version/version/version/version/version/version/rb_wixui.thunderbolt_bootstrap-classic.db545a77.chunk.min]
[www.bodybyemily.com/product-page/version/version/version/version/version/version/version/version/version/rb_wixui.thunderbolt_bootstrap-responsive.e3671379.chunk]
[www.bodybyemily.com/product-page/version/version/version/version/version/version/version/version/version/rb_wixui.thunderbolt_bootstrap-responsive.f3ca696f.chunk]
[www.bodybyemily.com/product-page/version/version/version/version/version/version/version/version/version/version/decodeURIComponent(e.html]
[www.bodybyemily.com/product-page/version/version/version/version/version/version/version/version/version/version/robots.html]
[www.bodybyemily.com/product-page/version/version/version/version/version/version/version/version/version/version/sitemap.c6.delayed]
[www.bodybyemily.com/product-page/version/version/version/version/version/version/version/version/version/version/feed.c7.delayed]
[www.bodybyemily.com/product-page/version/version/version/version/version/version/version/version/version/version.html]
[www.bodybyemily.com/product-page/version/version/version/version/version/version/version/version/version/version/version/index.html]
[www.bodybyemily.com/product-page/version/version/version/version/version/version/version/version/version/version/99a6a99f.min.html]
[www.bodybyemily.com/product-page/version/version/version/version/version/version/version/version/version/version/7a36fe10.chunk.min.html]
[www.bodybyemily.com/product-page/version/version/version/version/version/version/version/version/version/version/index.html]
[www.bodybyemily.com/product-page/version/version/version/version/version/version/version/version/version.html]
